=== u350 shadow pass 2026-08-02T19:53:53-0600 ===
[prices] 497 rows refreshed for 71 shadow names
[ingest] queued 0 prose filings; saw 8 Form 4s (deterministic path) across 71 shadow names
[drain] bounded shadow drain (cap 12) rc=0
   [event_worker] {'processed': 0, 'accepted': 0, 'no_event': 0, 'rejected': 0, 'duplicate': 0, 'errors': 0}
[score] 71/71 shadow snapshots written (point-in-time, u350.shadow_snapshots)
[guards] disclosure — c7 STRUCTURALLY_INACTIVE for 71 shadow names (out of the component's coverage map by construction; extending the map would alter U79 scores)
[guards] OK — completeness floor met on 71 names; no label anomaly (shadow n=71, U79 n=79)
[calendar] Phase-A clock: day 1 of 15-20 trading days (first snapshot 2026-08-02); success = system verification (completeness, isolation, guards), not performance
[phase-a-health] day 1/15-20 · ingestion 3/3 · snapshots 71/71 · drain 6.5min/48.0min budget · starvation 0 (=yield working) · guards green
=== u350 shadow pass 2026-08-03T17:30:23-0600 ===
[prices] 497 rows refreshed for 71 shadow names
[ingest] queued 2 prose filings; saw 14 Form 4s (deterministic path) across 71 shadow names
[drain] bounded shadow drain (cap 12) rc=1
[score] 71/71 shadow snapshots written (point-in-time, u350.shadow_snapshots)
[guards] disclosure — c7 STRUCTURALLY_INACTIVE for 71 shadow names (out of the component's coverage map by construction; extending the map would alter U79 scores)
[guards] OK — completeness floor met on 71 names; no label anomaly (shadow n=0, U79 n=79)
[calendar] Phase-A clock: day 1 of 15-20 trading days (first snapshot 2026-08-02); success = system verification (completeness, isolation, guards), not performance
[phase-a-health] day 1/15-20 · ingestion 2/2 · snapshots 0/71 · drain 0.0min/48.0min budget · starvation 0 (=yield working) · guards green
[u350-shadow] phase health rc=1 (logged, continuing)
=== u350 shadow pass 2026-08-04T17:30:23-0600 ===
[prices] 497 rows refreshed for 71 shadow names
[ingest] queued 7 prose filings; saw 64 Form 4s (deterministic path) across 71 shadow names
[drain] bounded shadow drain (cap 12) rc=1
[score] 71/71 shadow snapshots written (point-in-time, u350.shadow_snapshots)
[guards] disclosure — c7 STRUCTURALLY_INACTIVE for 71 shadow names (out of the component's coverage map by construction; extending the map would alter U79 scores)
[guards] OK — completeness floor met on 71 names; no label anomaly (shadow n=71, U79 n=79)
[calendar] Phase-A clock: day 2 of 15-20 trading days (first snapshot 2026-08-02); success = system verification (completeness, isolation, guards), not performance
[phase-a-health] day 2/15-20 · ingestion 9/9 · snapshots 71/71 · drain 0.0min/48.0min budget · starvation 0 (=yield working) · guards green
